<testsuites id="" name="" tests="5" failures="5" skipped="0" errors="0" time="644.7426229999999">
<testsuite name="smoke-production-ready.spec.ts" timestamp="2025-08-19T19:38:54.674Z" hostname="chromium" tests="5" failures="5" skipped="0" time="239.591" errors="0">
<testcase name="Nexus Agent – Navigation Smoke Tests › should render navigation elements if available" classname="smoke-production-ready.spec.ts" time="60.074">
<failure message="smoke-production-ready.spec.ts:50:3 should render navigation elements if available" type="FAILURE">
<![CDATA[  [chromium] › smoke-production-ready.spec.ts:50:3 › Nexus Agent – Navigation Smoke Tests › should render navigation elements if available 

    Test timeout of 30000ms exceeded while running "beforeEach" hook.

      15 |
      16 | test.describe('Nexus Agent – Navigation Smoke Tests', () => {
    > 17 |   test.beforeEach(async ({ page }) => {
         |        ^
      18 |     // ✅ Mock backend navigation API if it exists
      19 |     await page.route('**/api/navigation', async route => {
      20 |       // You can adapt this to your real schema
        at C:\Users\User\Documents\Maycode\Synapses\.vscode\synapse-landing-nexus\tests\e2e\smoke-production-ready.spec.ts:17:8

    Error: page.waitForSelector: Test timeout of 30000ms exceeded.
    Call log:
      - waiting for locator('body') to be visible
        8 × locator resolved to hidden <body>…</body>


      45 |
      46 |     // ✅ Ensure React hydration completes (body visible)
    > 47 |     await page.waitForSelector('body', { state: 'visible', timeout: 10000 });
         |                ^
      48 |   });
      49 |
      50 |   test('should render navigation elements if available', async ({ page }) => {
        at C:\Users\User\Documents\Maycode\Synapses\.vscode\synapse-landing-nexus\tests\e2e\smoke-production-ready.spec.ts:47:16

    Tearing down "context" exceeded the test timeout of 30000ms.

    attachment #1: screenshot (image/png) ──────────────────────────────────────────────────────────
    ..\..\test-results\smoke-production-ready-Nex-16df6-ation-elements-if-available-chromium\test-failed-1.png
    ────────────────────────────────────────────────────────────────────────────────────────────────

    Error Context: ..\..\test-results\smoke-production-ready-Nex-16df6-ation-elements-if-available-chromium\error-context.md
]]>
</failure>
<system-out>
<![CDATA[
[[ATTACHMENT|smoke-production-ready-Nex-16df6-ation-elements-if-available-chromium\test-failed-1.png]]

[[ATTACHMENT|smoke-production-ready-Nex-16df6-ation-elements-if-available-chromium\error-context.md]]
]]>
</system-out>
</testcase>
<testcase name="Nexus Agent – Navigation Smoke Tests › should allow SFDR Navigator route" classname="smoke-production-ready.spec.ts" time="26.256">
<failure message="smoke-production-ready.spec.ts:109:3 should allow SFDR Navigator route" type="FAILURE">
<![CDATA[  [chromium] › smoke-production-ready.spec.ts:109:3 › Nexus Agent – Navigation Smoke Tests › should allow SFDR Navigator route 

    TimeoutError: page.waitForSelector: Timeout 10000ms exceeded.
    Call log:
      - waiting for locator('body') to be visible
        23 × locator resolved to hidden <body>…</body>


      45 |
      46 |     // ✅ Ensure React hydration completes (body visible)
    > 47 |     await page.waitForSelector('body', { state: 'visible', timeout: 10000 });
         |                ^
      48 |   });
      49 |
      50 |   test('should render navigation elements if available', async ({ page }) => {
        at C:\Users\User\Documents\Maycode\Synapses\.vscode\synapse-landing-nexus\tests\e2e\smoke-production-ready.spec.ts:47:16

    attachment #1: screenshot (image/png) ──────────────────────────────────────────────────────────
    ..\..\test-results\smoke-production-ready-Nex-89745--allow-SFDR-Navigator-route-chromium\test-failed-1.png
    ────────────────────────────────────────────────────────────────────────────────────────────────

    attachment #2: video (video/webm) ──────────────────────────────────────────────────────────────
    ..\..\test-results\smoke-production-ready-Nex-89745--allow-SFDR-Navigator-route-chromium\video.webm
    ────────────────────────────────────────────────────────────────────────────────────────────────

    Error Context: ..\..\test-results\smoke-production-ready-Nex-89745--allow-SFDR-Navigator-route-chromium\error-context.md
]]>
</failure>
<system-out>
<![CDATA[
[[ATTACHMENT|smoke-production-ready-Nex-89745--allow-SFDR-Navigator-route-chromium\test-failed-1.png]]

[[ATTACHMENT|smoke-production-ready-Nex-89745--allow-SFDR-Navigator-route-chromium\video.webm]]

[[ATTACHMENT|smoke-production-ready-Nex-89745--allow-SFDR-Navigator-route-chromium\error-context.md]]
]]>
</system-out>
</testcase>
<testcase name="Nexus Agent – Navigation Smoke Tests › should handle responsive design gracefully" classname="smoke-production-ready.spec.ts" time="34.942">
<failure message="smoke-production-ready.spec.ts:150:3 should handle responsive design gracefully" type="FAILURE">
<![CDATA[  [chromium] › smoke-production-ready.spec.ts:150:3 › Nexus Agent – Navigation Smoke Tests › should handle responsive design gracefully 

    TimeoutError: page.waitForSelector: Timeout 10000ms exceeded.
    Call log:
      - waiting for locator('body') to be visible
        16 × locator resolved to hidden <body>…</body>


      45 |
      46 |     // ✅ Ensure React hydration completes (body visible)
    > 47 |     await page.waitForSelector('body', { state: 'visible', timeout: 10000 });
         |                ^
      48 |   });
      49 |
      50 |   test('should render navigation elements if available', async ({ page }) => {
        at C:\Users\User\Documents\Maycode\Synapses\.vscode\synapse-landing-nexus\tests\e2e\smoke-production-ready.spec.ts:47:16

    attachment #1: screenshot (image/png) ──────────────────────────────────────────────────────────
    ..\..\test-results\smoke-production-ready-Nex-b342e-esponsive-design-gracefully-chromium\test-failed-1.png
    ────────────────────────────────────────────────────────────────────────────────────────────────

    attachment #2: video (video/webm) ──────────────────────────────────────────────────────────────
    ..\..\test-results\smoke-production-ready-Nex-b342e-esponsive-design-gracefully-chromium\video.webm
    ────────────────────────────────────────────────────────────────────────────────────────────────

    Error Context: ..\..\test-results\smoke-production-ready-Nex-b342e-esponsive-design-gracefully-chromium\error-context.md
]]>
</failure>
<system-out>
<![CDATA[
[[ATTACHMENT|smoke-production-ready-Nex-b342e-esponsive-design-gracefully-chromium\test-failed-1.png]]

[[ATTACHMENT|smoke-production-ready-Nex-b342e-esponsive-design-gracefully-chromium\video.webm]]

[[ATTACHMENT|smoke-production-ready-Nex-b342e-esponsive-design-gracefully-chromium\error-context.md]]
]]>
</system-out>
</testcase>
<testcase name="Nexus Agent – Navigation Smoke Tests › should verify environment parity and API stability" classname="smoke-production-ready.spec.ts" time="58.227">
<failure message="smoke-production-ready.spec.ts:175:3 should verify environment parity and API stability" type="FAILURE">
<![CDATA[  [chromium] › smoke-production-ready.spec.ts:175:3 › Nexus Agent – Navigation Smoke Tests › should verify environment parity and API stability 

    TimeoutError: page.waitForSelector: Timeout 10000ms exceeded.
    Call log:
      - waiting for locator('body') to be visible
        6 × locator resolved to hidden <body>…</body>


      45 |
      46 |     // ✅ Ensure React hydration completes (body visible)
    > 47 |     await page.waitForSelector('body', { state: 'visible', timeout: 10000 });
         |                ^
      48 |   });
      49 |
      50 |   test('should render navigation elements if available', async ({ page }) => {
        at C:\Users\User\Documents\Maycode\Synapses\.vscode\synapse-landing-nexus\tests\e2e\smoke-production-ready.spec.ts:47:16

    Tearing down "context" exceeded the test timeout of 30000ms.

    attachment #1: screenshot (image/png) ──────────────────────────────────────────────────────────
    ..\..\test-results\smoke-production-ready-Nex-35797-nt-parity-and-API-stability-chromium\test-failed-1.png
    ────────────────────────────────────────────────────────────────────────────────────────────────

    Error Context: ..\..\test-results\smoke-production-ready-Nex-35797-nt-parity-and-API-stability-chromium\error-context.md
]]>
</failure>
<system-out>
<![CDATA[
[[ATTACHMENT|smoke-production-ready-Nex-35797-nt-parity-and-API-stability-chromium\test-failed-1.png]]

[[ATTACHMENT|smoke-production-ready-Nex-35797-nt-parity-and-API-stability-chromium\error-context.md]]
]]>
</system-out>
</testcase>
<testcase name="Nexus Agent – Navigation Smoke Tests › should detect and report console errors" classname="smoke-production-ready.spec.ts" time="60.092">
<failure message="smoke-production-ready.spec.ts:195:3 should detect and report console errors" type="FAILURE">
<![CDATA[  [chromium] › smoke-production-ready.spec.ts:195:3 › Nexus Agent – Navigation Smoke Tests › should detect and report console errors 

    TimeoutError: page.waitForSelector: Timeout 10000ms exceeded.
    Call log:
      - waiting for locator('body') to be visible
        5 × locator resolved to hidden <body>…</body>


      45 |
      46 |     // ✅ Ensure React hydration completes (body visible)
    > 47 |     await page.waitForSelector('body', { state: 'visible', timeout: 10000 });
         |                ^
      48 |   });
      49 |
      50 |   test('should render navigation elements if available', async ({ page }) => {
        at C:\Users\User\Documents\Maycode\Synapses\.vscode\synapse-landing-nexus\tests\e2e\smoke-production-ready.spec.ts:47:16

    Tearing down "context" exceeded the test timeout of 30000ms.

    attachment #1: screenshot (image/png) ──────────────────────────────────────────────────────────
    ..\..\test-results\smoke-production-ready-Nex-11dc0-t-and-report-console-errors-chromium\test-failed-1.png
    ────────────────────────────────────────────────────────────────────────────────────────────────

    Error Context: ..\..\test-results\smoke-production-ready-Nex-11dc0-t-and-report-console-errors-chromium\error-context.md
]]>
</failure>
<system-out>
<![CDATA[
[[ATTACHMENT|smoke-production-ready-Nex-11dc0-t-and-report-console-errors-chromium\test-failed-1.png]]

[[ATTACHMENT|smoke-production-ready-Nex-11dc0-t-and-report-console-errors-chromium\error-context.md]]
]]>
</system-out>
</testcase>
</testsuite>
</testsuites>